
PROGRAM "D:\Dropbox\Dropbox\La Salette\2018\Proyectos\Simon\Soft\Simon\bin\Project.abs"

*********************************************************************************************
TARGET SECTION
---------------------------------------------------------------------------------------------
Processor   : Freescale HC08
Memory Model: SMALL
File Format : ELF\DWARF 2.0
Linker      : SmartLinker V-5.0.34 Build 8120, Apr 30 2008

*********************************************************************************************
FILE SECTION
---------------------------------------------------------------------------------------------
main.c.o                                Model: SMALL,         Lang: ANSI-C
MC68HC908JL8.C.o                        Model: SMALL,         Lang: ANSI-C
Start08.c.o                             Model: SMALL,         Lang: ANSI-C
simon.c.o                               Model: SMALL,         Lang: ANSI-C

*********************************************************************************************
STARTUP SECTION
---------------------------------------------------------------------------------------------
Entry point: 0xDC8C (_Startup)
_startupData is allocated at 0xDC95 and uses 6 Bytes
extern struct _tagStartup {
  unsigned nofZeroOut     1
  _Range   pZeroOut       0x100     25
  _Copy    *toCopyDownBeg 0xDE3C
} _startupData;

*********************************************************************************************
SECTION-ALLOCATION SECTION
Section Name                    Size  Type     From       To       Segment
---------------------------------------------------------------------------------------------
.init                            149     R     0xDC00     0xDC94   ROM
.startData                        14     R     0xDC95     0xDCA2   ROM
.text                            409     R     0xDCA3     0xDE3B   ROM
.copy                              2     R     0xDE3C     0xDE3D   ROM
.abs_section_ffec                  2     R     0xFFEC     0xFFED   .absSeg0
.abs_section_ffe0                  2     R     0xFFE0     0xFFE1   .absSeg1
.abs_section_0                     1   N/I        0x0        0x0   .absSeg2
.abs_section_1                     1   N/I        0x1        0x1   .absSeg3
.abs_section_3                     1   N/I        0x3        0x3   .absSeg4
.abs_section_4                     1   N/I        0x4        0x4   .absSeg5
.abs_section_5                     1   N/I        0x5        0x5   .absSeg6
.abs_section_7                     1   N/I        0x7        0x7   .absSeg7
.abs_section_8                     1   N/I        0x8        0x8   .absSeg8
.abs_section_a                     1   N/I        0xA        0xA   .absSeg9
.abs_section_c                     1   N/I        0xC        0xC   .absSeg10
.abs_section_d                     1   N/I        0xD        0xD   .absSeg11
.abs_section_e                     1   N/I        0xE        0xE   .absSeg12
.abs_section_13                    1   N/I       0x13       0x13   .absSeg13
.abs_section_14                    1   N/I       0x14       0x14   .absSeg14
.abs_section_15                    1   N/I       0x15       0x15   .absSeg15
.abs_section_16                    1   N/I       0x16       0x16   .absSeg16
.abs_section_17                    1   N/I       0x17       0x17   .absSeg17
.abs_section_18                    1   N/I       0x18       0x18   .absSeg18
.abs_section_19                    1   N/I       0x19       0x19   .absSeg19
.abs_section_1a                    1   N/I       0x1A       0x1A   .absSeg20
.abs_section_1b                    1   N/I       0x1B       0x1B   .absSeg21
.abs_section_1d                    1   N/I       0x1D       0x1D   .absSeg22
.abs_section_1e                    1   N/I       0x1E       0x1E   .absSeg23
.abs_section_1f                    1   N/I       0x1F       0x1F   .absSeg24
.abs_section_20                    1   N/I       0x20       0x20   .absSeg25
.abs_section_25                    1   N/I       0x25       0x25   .absSeg26
.abs_section_28                    1   N/I       0x28       0x28   .absSeg27
.abs_section_30                    1   N/I       0x30       0x30   .absSeg28
.abs_section_35                    1   N/I       0x35       0x35   .absSeg29
.abs_section_38                    1   N/I       0x38       0x38   .absSeg30
.abs_section_3c                    1   N/I       0x3C       0x3C   .absSeg31
.abs_section_3d                    1   N/I       0x3D       0x3D   .absSeg32
.abs_section_3e                    1   N/I       0x3E       0x3E   .absSeg33
.abs_section_fe00                  1   N/I     0xFE00     0xFE00   .absSeg34
.abs_section_fe01                  1   N/I     0xFE01     0xFE01   .absSeg35
.abs_section_fe03                  1   N/I     0xFE03     0xFE03   .absSeg36
.abs_section_fe04                  1   N/I     0xFE04     0xFE04   .absSeg37
.abs_section_fe05                  1   N/I     0xFE05     0xFE05   .absSeg38
.abs_section_fe06                  1   N/I     0xFE06     0xFE06   .absSeg39
.abs_section_fe08                  1   N/I     0xFE08     0xFE08   .absSeg40
.abs_section_fe0e                  1   N/I     0xFE0E     0xFE0E   .absSeg41
.abs_section_ffff                  1   N/I     0xFFFF     0xFFFF   .absSeg42
.abs_section_21                    2   N/I       0x21       0x22   .absSeg43
.abs_section_23                    2   N/I       0x23       0x24   .absSeg44
.abs_section_26                    2   N/I       0x26       0x27   .absSeg45
.abs_section_29                    2   N/I       0x29       0x2A   .absSeg46
.abs_section_31                    2   N/I       0x31       0x32   .absSeg47
.abs_section_33                    2   N/I       0x33       0x34   .absSeg48
.abs_section_36                    2   N/I       0x36       0x37   .absSeg49
.abs_section_39                    2   N/I       0x39       0x3A   .absSeg50
.abs_section_fe0c                  2   N/I     0xFE0C     0xFE0D   .absSeg51
.bss                              25   R/W      0x100      0x118   RAM
.stack                            48   R/W      0x119      0x148   RAM
.vectSeg52_vect                    2     R     0xFFFE     0xFFFF   .vectSeg52

Summary of section sizes per section type:
READ_ONLY (R):         244 (dec:      580)
READ_WRITE (R/W):       49 (dec:       73)
NO_INIT (N/I):          3B (dec:       59)

*********************************************************************************************
VECTOR-ALLOCATION SECTION
    Address     InitValue   InitFunction
---------------------------------------------------------------------------------------------
     0xFFFE        0xDC8C   _Startup

*********************************************************************************************
OBJECT-ALLOCATION SECTION
     Name               Module                 Addr   hSize   dSize     Ref    Section   RLIB
---------------------------------------------------------------------------------------------
MODULE:                 -- main.c.o --
- PROCEDURES:
     main                                      DCA3      45      69       1   .text       
     Init_Puertos                              DCE8       9       9       1   .text       
     Init_Timers                               DCF1      21      33       1   .text       
     TIM2Ovr_IRS                               DD12      27      39       1   .text       
     KBI_IRS                                   DD39       1       1       1   .text       
- VARIABLES:
     _Vector_9                                 FFEC       2       2       0   .abs_section_ffec
     _Vector_15                                FFE0       2       2       0   .abs_section_ffe0
MODULE:                 -- MC68HC908JL8.C.o --
- PROCEDURES:
- VARIABLES:
     _PTA                                         0       1       1       4   .abs_section_0
     _PTB                                         1       1       1       0   .abs_section_1
     _PTD                                         3       1       1      14   .abs_section_3
     _DDRA                                        4       1       1       1   .abs_section_4
     _DDRB                                        5       1       1       1   .abs_section_5
     _DDRD                                        7       1       1       1   .abs_section_7
     _PTE                                         8       1       1       0   .abs_section_8
     _PDCR                                        A       1       1       0   .abs_section_a
     _DDRE                                        C       1       1       0   .abs_section_c
     _PTAPUE                                      D       1       1       0   .abs_section_d
     _PTA7PUE                                     E       1       1       0   .abs_section_e
     _SCC1                                       13       1       1       0   .abs_section_13
     _SCC2                                       14       1       1       0   .abs_section_14
     _SCC3                                       15       1       1       0   .abs_section_15
     _SCS1                                       16       1       1       0   .abs_section_16
     _SCS2                                       17       1       1       0   .abs_section_17
     _SCDR                                       18       1       1       0   .abs_section_18
     _SCBR                                       19       1       1       0   .abs_section_19
     _KBSCR                                      1A       1       1       0   .abs_section_1a
     _KBIER                                      1B       1       1       0   .abs_section_1b
     _INTSCR                                     1D       1       1       0   .abs_section_1d
     _CONFIG2                                    1E       1       1       0   .abs_section_1e
     _CONFIG1                                    1F       1       1       1   .abs_section_1f
     _T1SC                                       20       1       1       2   .abs_section_20
     _T1SC0                                      25       1       1       5   .abs_section_25
     _T1SC1                                      28       1       1       0   .abs_section_28
     _T2SC                                       30       1       1       1   .abs_section_30
     _T2SC0                                      35       1       1       0   .abs_section_35
     _T2SC1                                      38       1       1       0   .abs_section_38
     _ADSCR                                      3C       1       1       0   .abs_section_3c
     _ADR                                        3D       1       1       0   .abs_section_3d
     _ADICLK                                     3E       1       1       0   .abs_section_3e
     _BSR                                      FE00       1       1       0   .abs_section_fe00
     _RSR                                      FE01       1       1       0   .abs_section_fe01
     _BFCR                                     FE03       1       1       0   .abs_section_fe03
     _INT1                                     FE04       1       1       0   .abs_section_fe04
     _INT2                                     FE05       1       1       0   .abs_section_fe05
     _INT3                                     FE06       1       1       0   .abs_section_fe06
     _FLCR                                     FE08       1       1       0   .abs_section_fe08
     _BRKSCR                                   FE0E       1       1       0   .abs_section_fe0e
     _COPCTL                                   FFFF       1       1       0   .abs_section_ffff
     _T1CNT                                      21       2       2       0   .abs_section_21
     _T1MOD                                      23       2       2       1   .abs_section_23
     _T1CH0                                      26       2       2       1   .abs_section_26
     _T1CH1                                      29       2       2       0   .abs_section_29
     _T2CNT                                      31       2       2       1   .abs_section_31
     _T2MOD                                      33       2       2       1   .abs_section_33
     _T2CH0                                      36       2       2       0   .abs_section_36
     _T2CH1                                      39       2       2       0   .abs_section_39
     _BRK                                      FE0C       2       2       0   .abs_section_fe0c
MODULE:                 -- Start08.c.o --
- PROCEDURES:
     loadByte                                  DC00      17      23       5   .init       
     Init                                      DC17      75     117       1   .init       
     _Startup                                  DC8C       9       9       0   .init       
- VARIABLES:
     _startupData                              DC95       6       6       6   .startData  
- LABELS:
     __SEG_END_SSTACK                           149       0       0       1               
MODULE:                 -- simon.c.o --
- PROCEDURES:
     Delay_ms                                  DD3A       F      15       4   .text       
     Aleatorio                                 DD49       E      14       1   .text       
     AgregarPaso                               DD57      1B      27       1   .text       
     Init_Secuencia                            DD72      12      18       1   .text       
     MostrarSecuencia                          DD84      32      50       1   .text       
     SecuenciaCorrecta                         DDB6      2C      44       1   .text       
     PresionaBotonOk                           DDE2      5A      90       1   .text       
- VARIABLES:
     tDelay                                     100       2       2       7   .bss        
     Pasos                                      102      15      21       8   .bss        
     Timer                                      117       2       2       8   .bss        

*********************************************************************************************
MODULE STATISTIC
  Name                                      Data   Code  Const
---------------------------------------------------------------------------------------------
  main.c.o                                     0    151      4
  MC68HC908JL8.C.o                            59      0      0
  Start08.c.o                                  0    149      0
  simon.c.o                                   25    258      0
  other                                       48     16      2

*********************************************************************************************
SECTION USE IN OBJECT-ALLOCATION SECTION
---------------------------------------------------------------------------------------------
SECTION: ".text"
  main Init_Puertos Init_Timers TIM2Ovr_IRS KBI_IRS Delay_ms Aleatorio 
  AgregarPaso Init_Secuencia MostrarSecuencia SecuenciaCorrecta PresionaBotonOk 
SECTION: ".bss"
  tDelay Pasos Timer 
SECTION: ".init"
  loadByte Init _Startup 
SECTION: ".abs_section_ffec"
  _Vector_9 
SECTION: ".abs_section_ffe0"
  _Vector_15 
SECTION: ".abs_section_0"
  _PTA 
SECTION: ".abs_section_1"
  _PTB 
SECTION: ".abs_section_3"
  _PTD 
SECTION: ".abs_section_4"
  _DDRA 
SECTION: ".abs_section_5"
  _DDRB 
SECTION: ".abs_section_7"
  _DDRD 
SECTION: ".abs_section_8"
  _PTE 
SECTION: ".abs_section_a"
  _PDCR 
SECTION: ".abs_section_c"
  _DDRE 
SECTION: ".abs_section_d"
  _PTAPUE 
SECTION: ".abs_section_e"
  _PTA7PUE 
SECTION: ".abs_section_13"
  _SCC1 
SECTION: ".abs_section_14"
  _SCC2 
SECTION: ".abs_section_15"
  _SCC3 
SECTION: ".abs_section_16"
  _SCS1 
SECTION: ".abs_section_17"
  _SCS2 
SECTION: ".abs_section_18"
  _SCDR 
SECTION: ".abs_section_19"
  _SCBR 
SECTION: ".abs_section_1a"
  _KBSCR 
SECTION: ".abs_section_1b"
  _KBIER 
SECTION: ".abs_section_1d"
  _INTSCR 
SECTION: ".abs_section_1e"
  _CONFIG2 
SECTION: ".abs_section_1f"
  _CONFIG1 
SECTION: ".abs_section_20"
  _T1SC 
SECTION: ".abs_section_25"
  _T1SC0 
SECTION: ".abs_section_28"
  _T1SC1 
SECTION: ".abs_section_30"
  _T2SC 
SECTION: ".abs_section_35"
  _T2SC0 
SECTION: ".abs_section_38"
  _T2SC1 
SECTION: ".abs_section_3c"
  _ADSCR 
SECTION: ".abs_section_3d"
  _ADR 
SECTION: ".abs_section_3e"
  _ADICLK 
SECTION: ".abs_section_fe00"
  _BSR 
SECTION: ".abs_section_fe01"
  _RSR 
SECTION: ".abs_section_fe03"
  _BFCR 
SECTION: ".abs_section_fe04"
  _INT1 
SECTION: ".abs_section_fe05"
  _INT2 
SECTION: ".abs_section_fe06"
  _INT3 
SECTION: ".abs_section_fe08"
  _FLCR 
SECTION: ".abs_section_fe0e"
  _BRKSCR 
SECTION: ".abs_section_ffff"
  _COPCTL 
SECTION: ".abs_section_21"
  _T1CNT 
SECTION: ".abs_section_23"
  _T1MOD 
SECTION: ".abs_section_26"
  _T1CH0 
SECTION: ".abs_section_29"
  _T1CH1 
SECTION: ".abs_section_31"
  _T2CNT 
SECTION: ".abs_section_33"
  _T2MOD 
SECTION: ".abs_section_36"
  _T2CH0 
SECTION: ".abs_section_39"
  _T2CH1 
SECTION: ".abs_section_fe0c"
  _BRK 

*********************************************************************************************
OBJECT LIST SORTED BY ADDRESS
     Name                                      Addr   hSize   dSize     Ref    Section   RLIB
---------------------------------------------------------------------------------------------
     _PTA                                         0       1       1       4   .abs_section_0
     _PTB                                         1       1       1       0   .abs_section_1
     _PTD                                         3       1       1      14   .abs_section_3
     _DDRA                                        4       1       1       1   .abs_section_4
     _DDRB                                        5       1       1       1   .abs_section_5
     _DDRD                                        7       1       1       1   .abs_section_7
     _PTE                                         8       1       1       0   .abs_section_8
     _PDCR                                        A       1       1       0   .abs_section_a
     _DDRE                                        C       1       1       0   .abs_section_c
     _PTAPUE                                      D       1       1       0   .abs_section_d
     _PTA7PUE                                     E       1       1       0   .abs_section_e
     _SCC1                                       13       1       1       0   .abs_section_13
     _SCC2                                       14       1       1       0   .abs_section_14
     _SCC3                                       15       1       1       0   .abs_section_15
     _SCS1                                       16       1       1       0   .abs_section_16
     _SCS2                                       17       1       1       0   .abs_section_17
     _SCDR                                       18       1       1       0   .abs_section_18
     _SCBR                                       19       1       1       0   .abs_section_19
     _KBSCR                                      1A       1       1       0   .abs_section_1a
     _KBIER                                      1B       1       1       0   .abs_section_1b
     _INTSCR                                     1D       1       1       0   .abs_section_1d
     _CONFIG2                                    1E       1       1       0   .abs_section_1e
     _CONFIG1                                    1F       1       1       1   .abs_section_1f
     _T1SC                                       20       1       1       2   .abs_section_20
     _T1CNT                                      21       2       2       0   .abs_section_21
     _T1MOD                                      23       2       2       1   .abs_section_23
     _T1SC0                                      25       1       1       5   .abs_section_25
     _T1CH0                                      26       2       2       1   .abs_section_26
     _T1SC1                                      28       1       1       0   .abs_section_28
     _T1CH1                                      29       2       2       0   .abs_section_29
     _T2SC                                       30       1       1       1   .abs_section_30
     _T2CNT                                      31       2       2       1   .abs_section_31
     _T2MOD                                      33       2       2       1   .abs_section_33
     _T2SC0                                      35       1       1       0   .abs_section_35
     _T2CH0                                      36       2       2       0   .abs_section_36
     _T2SC1                                      38       1       1       0   .abs_section_38
     _T2CH1                                      39       2       2       0   .abs_section_39
     _ADSCR                                      3C       1       1       0   .abs_section_3c
     _ADR                                        3D       1       1       0   .abs_section_3d
     _ADICLK                                     3E       1       1       0   .abs_section_3e
     tDelay                                     100       2       2       7   .bss        
     Pasos                                      102      15      21       8   .bss        
     Timer                                      117       2       2       8   .bss        
     loadByte                                  DC00      17      23       5   .init       
     Init                                      DC17      75     117       1   .init       
     _Startup                                  DC8C       9       9       0   .init       
     main                                      DCA3      45      69       1   .text       
     Init_Puertos                              DCE8       9       9       1   .text       
     Init_Timers                               DCF1      21      33       1   .text       
     TIM2Ovr_IRS                               DD12      27      39       1   .text       
     KBI_IRS                                   DD39       1       1       1   .text       
     Delay_ms                                  DD3A       F      15       4   .text       
     Aleatorio                                 DD49       E      14       1   .text       
     AgregarPaso                               DD57      1B      27       1   .text       
     Init_Secuencia                            DD72      12      18       1   .text       
     MostrarSecuencia                          DD84      32      50       1   .text       
     SecuenciaCorrecta                         DDB6      2C      44       1   .text       
     PresionaBotonOk                           DDE2      5A      90       1   .text       
     _BSR                                      FE00       1       1       0   .abs_section_fe00
     _RSR                                      FE01       1       1       0   .abs_section_fe01
     _BFCR                                     FE03       1       1       0   .abs_section_fe03
     _INT1                                     FE04       1       1       0   .abs_section_fe04
     _INT2                                     FE05       1       1       0   .abs_section_fe05
     _INT3                                     FE06       1       1       0   .abs_section_fe06
     _FLCR                                     FE08       1       1       0   .abs_section_fe08
     _BRK                                      FE0C       2       2       0   .abs_section_fe0c
     _BRKSCR                                   FE0E       1       1       0   .abs_section_fe0e
     _Vector_15                                FFE0       2       2       0   .abs_section_ffe0
     _Vector_9                                 FFEC       2       2       0   .abs_section_ffec
     _COPCTL                                   FFFF       1       1       0   .abs_section_ffff

*********************************************************************************************
UNUSED-OBJECTS SECTION
---------------------------------------------------------------------------------------------
NOT USED PROCEDURES
simon.c.o:
  Play 

*********************************************************************************************
COPYDOWN SECTION
---------------------------------------------------------------------------------------------
------- ROM-ADDRESS: 0xDE3C ---- SIZE       2 ---
Filling bytes inserted
 0000

*********************************************************************************************
OBJECT-DEPENDENCIES SECTION
---------------------------------------------------------------------------------------------
Init                      USES _startupData loadByte 
_Startup                  USES __SEG_END_SSTACK Init main 
main                      USES _CONFIG1 Init_Puertos Init_Timers Delay_ms 
                                Init_Secuencia AgregarPaso MostrarSecuencia SecuenciaCorrecta 
                                _PTD Pasos 
Init_Puertos              USES _DDRA _DDRD _DDRB 
Init_Timers               USES _T2MOD _T2SC _T1SC _T1MOD _T1CH0 _T1SC0 
TIM2Ovr_IRS               USES Timer tDelay 
Delay_ms                  USES tDelay 
Aleatorio                 USES _T2CNT 
AgregarPaso               USES Pasos Aleatorio 
Init_Secuencia            USES Pasos 
MostrarSecuencia          USES _PTD Pasos Delay_ms 
SecuenciaCorrecta         USES Pasos PresionaBotonOk 
PresionaBotonOk           USES Timer _PTA _PTD Delay_ms 
_Vector_15                USES KBI_IRS 
_Vector_9                 USES TIM2Ovr_IRS 

*********************************************************************************************
DEPENDENCY TREE
*********************************************************************************************
 main and _Startup Group
 | 
 +- main                
 |  | 
 |  +- Init_Puertos        
 |  |    
 |  +- Init_Timers         
 |  |    
 |  +- Delay_ms            
 |  |    
 |  +- Init_Secuencia      
 |  |    
 |  +- AgregarPaso         
 |  |  | 
 |  |  +- Aleatorio           
 |  |       
 |  +- MostrarSecuencia    
 |  |  | 
 |  |  +- Delay_ms             (see above)
 |  |     
 |  +- SecuenciaCorrecta   
 |     | 
 |     +- PresionaBotonOk     
 |        | 
 |        +- Delay_ms             (see above)
 |           
 +- _Startup            
    | 
    +- Init                
    |  | 
    |  +- loadByte            
    |       
    +- main                 (see above)
       
 _Vector_9           
 | 
 +- TIM2Ovr_IRS         
      
 _Vector_15          
 | 
 +- KBI_IRS             
      
*********************************************************************************************
STATISTIC SECTION
---------------------------------------------------------------------------------------------

ExeFile:
--------
Number of blocks to be downloaded: 7
Total size of all blocks to be downloaded: 580

